>>> matrix_divided = __import__('2-matrix_divided').matrix_divided

example matrix

>>> matrix1 = [[4, 2, 6], [3, 5, 6], [2, 4, 6]]
>>> matrix2 = [[1, 9], [2, 4]]

error inputs

>>> empty_list = []
>>> empty_lists = [[], [], []]
>>> diff_len = [[2, 4], [3, 5, 7], [3]]
>>> not_int = [[1, 2], ['tom', 'albert']]

tests

>>> matrix_divided(matrix1, 2)
[[2.0, 1.0, 3.0], [1.5, 2.5, 3.0], [1.0, 2.0, 3.0]]

>>> matrix_divided(matrix2, 3)
[[0.33, 3.0], [0.67, 1.33]]

>>> matrix_divided(matrix2, '5')
Traceback (most recent call last):
TypeError: div must be a number

>>> matrix_divided(matrix2, 0)
Traceback (most recent call last):
ZeroDivisionError: division by zero

>>> matrix_divided(not_int, 4)
Traceback (most recent call last):
TypeError: matrix must be a matrix (list of lists) of integers/floats

>>> matrix_divided(diff_len, 4)
Traceback (most recent call last):
TypeError: Each row of the matrix must have the same size

